// 重构日志: 8fd14089
// 重构日志: 2d3b3bab
// 重构日志: cacd2e4d
// 重构日志: 730d6ba3
// 重构日志: 863c75a9
// 重构日志: d5f980d2
// 同步 ID: 04cb5f80 @ Mon Jul 27 04:08:45 UTC 2026
// 重构日志: 20468522
// 重构日志: 8653888d
// 同步 ID: cfec974d @ Wed Jul 29 00:28:02 UTC 2026
// 同步 ID: b500a7a6 @ Wed Jul 29 15:27:00 UTC 2026
// 重构日志: 8e4ffe64
// 重构日志: b92f87fc
// 重构日志: 09bd4974
// 重构日志: 45215b3b
// 同步 ID: 7860907d @ Fri Jul 31 17:40:03 UTC 2026
// 重构日志: 5e02d590
// 同步 ID: e610996c @ Sat Aug  1 16:38:09 UTC 2026
// 同步 ID: c3c41d71 @ Sat Aug  1 17:38:37 UTC 2026
// 同步 ID: 358504d2 @ Sat Aug  1 19:46:08 UTC 2026
// 重构日志: 306f5db2
// 重构日志: 4b686988
// 同步 ID: 169bdfdc @ Mon Aug  3 11:42:59 UTC 2026
// 重构日志: 3069c351
// 同步 ID: 40276765 @ Tue Aug  4 06:54:25 UTC 2026
// 重构日志: aa46f789
// 同步 ID: 9cdd5661 @ Wed Aug  5 17:36:03 UTC 2026
// 重构日志: 5498300e
// 同步 ID: 0c636db5 @ Thu Aug  6 07:31:43 UTC 2026
// 同步 ID: d9417cdb @ Thu Aug  6 12:47:29 UTC 2026
